{
    "conflicts": {
        "sub-wordpress-core/wordpress": ">3.9.0,<=3.9.9",
        "sub2-wordpress-core/wordpress": ">3.9.0,<=3.9.9",
        "sub-wordpress-plugin/foo-bar": "<=1.5.7|>=1.0.0,<=2.0.0|>=9.1.1,<10.2.2",
        "sub2-wordpress-plugin/foo-bar": "<=1.5.7|>=1.0.0,<=2.0.0|>=9.1.1,<10.2.2",
        "sub-wordpress-plugin/foo-bar-wildcard": "*",
        "sub2-wordpress-plugin/foo-bar-wildcard": "*",
        "sub-wordpress-theme/foo-bar": ">2.9.0,<=2.9.9",
        "sub2-wordpress-theme/foo-bar": ">2.9.0,<=2.9.9"
    }
}